Microchip MPLAB XC8 Compiler V3.10

Linker command line:

-W-3 \
  --edf=C:\Program Files\Microchip\xc8\v3.10\pic\dat\20250813170317_en.msgs \
  -pivt0x4008=04008h -cn \
  -h+dist/default/debug\ADC_and_Interfacing_to_an_LCD.X.debug.sym \
  --cmf=dist/default/debug\ADC_and_Interfacing_to_an_LCD.X.debug.cmf -z \
  -Q18F47K42 -oC:\Users\neoka\AppData\Local\Temp\xcAs5to.0\driver_tmp_3.o \
  --defsym=__MPLAB_BUILD=1 --fixupoverflow=error \
  -Mdist/default/debug/ADC_and_Interfacing_to_an_LCD.X.debug.map \
  --md=C:\Users\neoka\AppData\Local\Temp\xcAs5to.0\driver_tmp_0.dat -E1 \
  -ver=XC8 Compiler -ACODE=00h-01FFFFh -ACONST=00h-01FFFFh \
  -ASMALLCONST=02000h-020FFhx224,012000h-0120FFhx224 \
  -AMEDIUMCONST=02000h-0FFFFh,012000h-01FFFFh -ACOMRAM=01h-05Fh \
  -AABS1=00h-01FFFh -ABIGRAM=01h-01FFFh -ARAM=060h-0FFh,0100h-01FFhx31 \
  -ABANK0=060h-0FFh -ABANK1=0100h-01FFh -ABANK2=0200h-02FFh \
  -ABANK3=0300h-03FFh -ABANK4=0400h-04FFh -ABANK5=0500h-05FFh \
  -ABANK6=0600h-06FFh -ABANK7=0700h-07FFh -ABANK8=0800h-08FFh \
  -ABANK9=0900h-09FFh -ABANK10=0A00h-0AFFh -ABANK11=0B00h-0BFFh \
  -ABANK12=0C00h-0CFFh -ABANK13=0D00h-0DFFh -ABANK14=0E00h-0EFFh \
  -ABANK15=0F00h-0FFFh -ABANK16=01000h-010FFh -ABANK17=01100h-011FFh \
  -ABANK18=01200h-012FFh -ABANK19=01300h-013FFh -ABANK20=01400h-014FFh \
  -ABANK21=01500h-015FFh -ABANK22=01600h-016FFh -ABANK23=01700h-017FFh \
  -ABANK24=01800h-018FFh -ABANK25=01900h-019FFh -ABANK26=01A00h-01AFFh \
  -ABANK27=01B00h-01BFFh -ABANK28=01C00h-01CFFh -ABANK29=01D00h-01DFFh \
  -ABANK30=01E00h-01EFFh -ABANK31=01F00h-01FFFh \
  -ASFR=03800h-038FFhx7,03F00h-03F5Fh,03F60h-03FFFh -ABIGSFR=03800h-03FFFh \
  -ACONFIG=0300000h-0300009h -AIDLOC=0200000h-020000Fh \
  -AEEDATA=0310000h-03103FFh -peeprom_data=EEDATA -preset_vec=00h \
  -ppowerup=CODE,init -pramtop=02000h -psmallconst=SMALLCONST \
  -pmediumconst=MEDIUMCONST -pconst=CONST -AFARRAM=00h-00h \
  -prdata=COMRAM,nvrram=COMRAM,nvbit=COMRAM,rbss=COMRAM,rbit=COMRAM \
  -pfarbss=FARRAM,fardata=FARRAM,nvFARRAM=FARRAM \
  -pintsave_regs=BIGRAM,bigbss=BIGRAM,bigdata=BIGRAM -pbss=RAM \
  -pidata=CODE,irdata=CODE,ibigdata=CODE,ifardata=CODE -prparam=COMRAM \
  C:\Users\neoka\AppData\Local\Temp\xcAs5to.0\driver_tmp_14.o \
  dist/default/debug\ADC_and_Interfacing_to_an_LCD.X.debug.o 

Object code version is 3.11

Machine type is 18F47K42



                Name                               Link     Load   Length Selector   Space Scale
C:\Users\neoka\AppData\Local\Temp\xcAs5to.0\driver_tmp_14.o
                config                           300000   300000        A        0       4
                init                               40AE     40AE        4     2004       0
                reset_vec                             0        0        4        0       0
dist/default/debug\ADC_and_Interfacing_to_an_LCD.X.debug.o
                config                           300000   300000        A        0       4
                smallconst                         2000     2000       9E     1000       0
                ivt0x4008                          4008     4008       A6     2004       0
                text34                             52B4     52B4       20     2004       0
                text33                             4AF6     4AF6       A4     2004       0
                text32                             4E8C     4E8C       6A     2004       0
                text31                             4FC2     4FC2       4E     2004       0
                text30                             526A     526A       28     2004       0
                text29                             52D4     52D4       18     2004       0
                text28                             5242     5242       28     2004       0
                text27                             4E1A     4E1A       72     2004       0
                text26                             5180     5180       36     2004       0
                text25                             5148     5148       38     2004       0
                text24                             4CB4     4CB4       7C     2004       0
                text23                             4776     4776       C0     2004       0
                text22                             499C     499C       AE     2004       0
                text21                             51B6     51B6       34     2004       0
                text20                             52EC     52EC        2     2004       0
                text19                             4A4A     4A4A       AC     2004       0
                text18                             510E     510E       3A     2004       0
                text17                             4C30     4C30       84     2004       0
                text16                             4544     4544      15C     2004       0
                text15                             4836     4836       B6     2004       0
                text14                             4DA8     4DA8       72     2004       0
                text13                             4F5E     4F5E       64     2004       0
                text12                             46A0     46A0       D6     2004       0
                text11                             434E     434E      1F6     2004       0
                text10                             5052     5052       42     2004       0
                text9                              51EA     51EA       30     2004       0
                text8                              4EF6     4EF6       68     2004       0
                text7                              5010     5010       42     2004       0
                text6                              48EC     48EC       B0     2004       0
                text5                              5292     5292       22     2004       0
                text4                              4B9A     4B9A       96     2004       0
                text3                              5094     5094       40     2004       0
                text2                              4D30     4D30       78     2004       0
                text1                              50D4     50D4       3A     2004       0
                text0                              40B2     40B2      29C     2004       0
                cstackCOMRAM                          1        1       56        1       1
                cstackBANK0                          60       60       44       60       1
                bssBANK0                             A4       A4       23       60       1
                bssCOMRAM                            57       57        5        1       1
                cinit                              521A     521A       28     2004       0

TOTAL           Name                               Link     Load   Length     Space
        CLASS   CODE           
                init                               40AE     40AE        4         0
                reset_vec                             0        0        4         0
                ivt0x4008                          4008     4008       A6         0
                text34                             52B4     52B4       20         0
                text33                             4AF6     4AF6       A4         0
                text32                             4E8C     4E8C       6A         0
                text31                             4FC2     4FC2       4E         0
                text30                             526A     526A       28         0
                text29                             52D4     52D4       18         0
                text28                             5242     5242       28         0
                text27                             4E1A     4E1A       72         0
                text26                             5180     5180       36         0
                text25                             5148     5148       38         0
                text24                             4CB4     4CB4       7C         0
                text23                             4776     4776       C0         0
                text22                             499C     499C       AE         0
                text21                             51B6     51B6       34         0
                text20                             52EC     52EC        2         0
                text19                             4A4A     4A4A       AC         0
                text18                             510E     510E       3A         0
                text17                             4C30     4C30       84         0
                text16                             4544     4544      15C         0
                text15                             4836     4836       B6         0
                text14                             4DA8     4DA8       72         0
                text13                             4F5E     4F5E       64         0
                text12                             46A0     46A0       D6         0
                text11                             434E     434E      1F6         0
                text10                             5052     5052       42         0
                text9                              51EA     51EA       30         0
                text8                              4EF6     4EF6       68         0
                text7                              5010     5010       42         0
                text6                              48EC     48EC       B0         0
                text5                              5292     5292       22         0
                text4                              4B9A     4B9A       96         0
                text3                              5094     5094       40         0
                text2                              4D30     4D30       78         0
                text1                              50D4     50D4       3A         0
                text0                              40B2     40B2      29C         0
                cinit                              521A     521A       28         0

        CLASS   CONST          

        CLASS   SMALLCONST     
                smallconst                         2000     2000       9E         0

        CLASS   MEDIUMCONST    

        CLASS   COMRAM         
                cstackCOMRAM                          1        1       56         1
                bssCOMRAM                            57       57        5         1

        CLASS   ABS1           

        CLASS   BIGRAM         

        CLASS   RAM            

        CLASS   BANK0          
                cstackBANK0                          60       60       44         1
                bssBANK0                             A4       A4       23         1

        CLASS   BANK1          

        CLASS   BANK2          

        CLASS   BANK3          

        CLASS   BANK4          

        CLASS   BANK5          

        CLASS   BANK6          

        CLASS   BANK7          

        CLASS   BANK8          

        CLASS   BANK9          

        CLASS   BANK10         

        CLASS   BANK11         

        CLASS   BANK12         

        CLASS   BANK13         

        CLASS   BANK14         

        CLASS   BANK15         

        CLASS   BANK16         

        CLASS   BANK17         

        CLASS   BANK18         

        CLASS   BANK19         

        CLASS   BANK20         

        CLASS   BANK21         

        CLASS   BANK22         

        CLASS   BANK23         

        CLASS   BANK24         

        CLASS   BANK25         

        CLASS   BANK26         

        CLASS   BANK27         

        CLASS   BANK28         

        CLASS   BANK29         

        CLASS   BANK30         

        CLASS   BANK31         

        CLASS   SFR            

        CLASS   BIGSFR         

        CLASS   CONFIG         
                config                           300000   300000        A         4

        CLASS   IDLOC          

        CLASS   EEDATA         

        CLASS   FARRAM         

        CLASS   HEAP           

        CLASS   STACK          



SEGMENTS        Name                           Load    Length   Top    Selector   Space  Class

                reset_vec                      000000  000004  000004         0       0  CODE    
                cstackCOMRAM                   000001  00005B  00005C         1       1  COMRAM  
                cstackBANK0                    000060  000067  0000C7        60       1  BANK0   
                smallconst                     002000  00009E  00209E      1000       0  SMALLCON
                ivt0x4008                      004008  0012E6  0052EE      2004       0  CODE    


UNUSED ADDRESS RANGES

        Name                Unused          Largest block    Delta
        BANK0            0000C7-0000FF               39
        BANK1            000100-0001FF              100
        BANK10           000A00-000AFF              100
        BANK11           000B00-000BFF              100
        BANK12           000C00-000CFF              100
        BANK13           000D00-000DFF              100
        BANK14           000E00-000EFF              100
        BANK15           000F00-000FFF              100
        BANK16           001000-0010FF              100
        BANK17           001100-0011FF              100
        BANK18           001200-0012FF              100
        BANK19           001300-0013FF              100
        BANK2            000200-0002FF              100
        BANK20           001400-0014FF              100
        BANK21           001500-0015FF              100
        BANK22           001600-0016FF              100
        BANK23           001700-0017FF              100
        BANK24           001800-0018FF              100
        BANK25           001900-0019FF              100
        BANK26           001A00-001AFF              100
        BANK27           001B00-001BFF              100
        BANK28           001C00-001CFF              100
        BANK29           001D00-001DFF              100
        BANK3            000300-0003FF              100
        BANK30           001E00-001EFF              100
        BANK31           001F00-001FFF              100
        BANK4            000400-0004FF              100
        BANK5            000500-0005FF              100
        BANK6            000600-0006FF              100
        BANK7            000700-0007FF              100
        BANK8            000800-0008FF              100
        BANK9            000900-0009FF              100
        BIGRAM           00005C-00005F                4
                         0000C7-001FFF             1F39
        BIGSFR           003800-003FFF              800
        CODE             000004-001FFF             1FFC
                         00209E-004007             1F6A
                         0052EE-01FFFF            1AD12
        COMRAM           00005C-00005F                4
        CONST            000004-001FFF             1FFC
                         00209E-004007             1F6A
                         0052EE-01FFFF            1AD12
        EEDATA           310000-3103FF              400
        IDLOC            200000-20000F               10
        MEDIUMCONST      00209E-004007             1F6A
                         0052EE-00FFFF             AD12
                         012000-01FFFF             E000
        RAM              0000C7-001FFF              100
        SFR              003800-003FFF              100
        SMALLCONST       00209E-004007              100
                         0052EE-00FFFF              100
                         012000-01FFFF              100

                                  Symbol Table

?___awdiv                   cstackCOMRAM 000001
?___awmod                   cstackCOMRAM 000001
?___lldiv                   cstackCOMRAM 00000D
?___lmul                    cstackCOMRAM 000001
?___lwdiv                   cstackCOMRAM 000001
?___lwmod                   cstackCOMRAM 000001
?_abs                       cstackCOMRAM 00000F
?_adcToMv                   cstackCOMRAM 00001A
?_gToMs2                    cstackCOMRAM 000009
?_mvToG                     cstackCOMRAM 000009
?_readADC                   cstackCOMRAM 000001
?_read_prec_or_width        cstackCOMRAM 000001
?_sprintf                   cstackCOMRAM 00002D
?_vfprintf                  cstackCOMRAM 000029
IVTBASEH                    (abs)        003FD6
IVTBASEL                    (abs)        003FD5
IVTBASEU                    (abs)        003FD7
_ADACQH                     (abs)        003EF4
_ADACQL                     (abs)        003EF3
_ADCLK                      (abs)        003EFF
_ADCON0                     (abs)        003EF8
_ADPCH                      (abs)        003EF1
_ADPREH                     (abs)        003EF7
_ADPREL                     (abs)        003EF6
_ADREFbits                  (abs)        003EFD
_ADRESH                     (abs)        003EF0
_ADRESL                     (abs)        003EEF
_ANSELAbits                 (abs)        003A40
_ANSELB                     (abs)        003A50
_ANSELC                     (abs)        003A60
_ANSELCbits                 (abs)        003A60
_ANSELD                     (abs)        003A70
_INTCON0bits                (abs)        003FD2
_IOCCFbits                  (abs)        003A67
_IOCCNbits                  (abs)        003A66
_IOCCPbits                  (abs)        003A65
_IOC_ISR                    text34       0052B4
_LATB                       (abs)        003FBB
_LATCbits                   (abs)        003FBC
_LATD                       (abs)        003FBD
_LATDbits                   (abs)        003FBD
_PIE0bits                   (abs)        003990
_PIR0bits                   (abs)        0039A0
_TRISAbits                  (abs)        003FC2
_TRISB                      (abs)        003FC3
_TRISCbits                  (abs)        003FC4
_TRISD                      (abs)        003FC5
_WPUCbits                   (abs)        003A61
__HRAM                      (abs)        000000
__H__absolute__             __absolute__ 000000
__Habs1                     abs1         000000
__Hbank0                    bank0        000000
__Hbank1                    bank1        000000
__Hbank10                   bank10       000000
__Hbank11                   bank11       000000
__Hbank12                   bank12       000000
__Hbank13                   bank13       000000
__Hbank14                   bank14       000000
__Hbank15                   bank15       000000
__Hbank16                   bank16       000000
__Hbank17                   bank17       000000
__Hbank18                   bank18       000000
__Hbank19                   bank19       000000
__Hbank2                    bank2        000000
__Hbank20                   bank20       000000
__Hbank21                   bank21       000000
__Hbank22                   bank22       000000
__Hbank23                   bank23       000000
__Hbank24                   bank24       000000
__Hbank25                   bank25       000000
__Hbank26                   bank26       000000
__Hbank27                   bank27       000000
__Hbank28                   bank28       000000
__Hbank29                   bank29       000000
__Hbank3                    bank3        000000
__Hbank30                   bank30       000000
__Hbank31                   bank31       000000
__Hbank4                    bank4        000000
__Hbank5                    bank5        000000
__Hbank6                    bank6        000000
__Hbank7                    bank7        000000
__Hbank8                    bank8        000000
__Hbank9                    bank9        000000
__Hbigbss                   bigbss       000000
__Hbigdata                  bigdata      000000
__Hbigram                   bigram       000000
__Hbigsfr                   bigsfr       000000
__Hbss                      bss          000000
__HbssBANK0                 bssBANK0     000000
__HbssCOMRAM                bssCOMRAM    000000
__Hcinit                    cinit        000000
__Hclrtext                  clrtext      000000
__Hcomram                   comram       000000
__Hconfig                   config       30000A
__Hconst                    const        000000
__HcstackBANK0              cstackBANK0  000000
__HcstackCOMRAM             cstackCOMRAM 000000
__Hdata                     data         000000
__Heeprom_data              eeprom_data  000000
__Hfarbss                   farbss       000000
__Hfardata                  fardata      000000
__Hheap                     heap         000000
__Hibigdata                 ibigdata     000000
__Hidata                    idata        000000
__Hidloc                    idloc        000000
__Hifardata                 ifardata     000000
__Hinit                     init         0040B2
__Hintsave_regs             intsave_regs 000000
__Hirdata                   irdata       000000
__Hivt0x4008                ivt0x4008    0040AE
__Hmediumconst              mediumconst  000000
__HnvFARRAM                 nvFARRAM     000000
__Hnvbit                    nvbit        000000
__Hnvrram                   nvrram       000000
__Hparam                    rparam       000000
__Hpowerup                  powerup      000000
__Hram                      ram          000000
__Hramtop                   ramtop       002000
__Hrbit                     rbit         000000
__Hrbss                     rbss         000000
__Hrdata                    rdata        000000
__Hreset_vec                reset_vec    000004
__Hrparam                   rparam       000000
__Hsfr                      sfr          000000
__Hsmallconst               smallconst   00209E
__Hspace_0                  (abs)        0052EE
__Hspace_1                  (abs)        0000C7
__Hspace_2                  (abs)        000000
__Hspace_4                  (abs)        60000A
__Hstack                    stack        000000
__Hstruct                   struct       000000
__Htemp                     temp         000000
__Htext                     text         000000
__Htext0                    text0        000000
__Htext1                    text1        000000
__Htext10                   text10       000000
__Htext11                   text11       000000
__Htext12                   text12       000000
__Htext13                   text13       000000
__Htext14                   text14       000000
__Htext15                   text15       000000
__Htext16                   text16       000000
__Htext17                   text17       000000
__Htext18                   text18       000000
__Htext19                   text19       000000
__Htext2                    text2        000000
__Htext20                   text20       000000
__Htext21                   text21       000000
__Htext22                   text22       000000
__Htext23                   text23       000000
__Htext24                   text24       000000
__Htext25                   text25       000000
__Htext26                   text26       000000
__Htext27                   text27       000000
__Htext28                   text28       000000
__Htext29                   text29       000000
__Htext3                    text3        000000
__Htext30                   text30       000000
__Htext31                   text31       000000
__Htext32                   text32       000000
__Htext33                   text33       000000
__Htext34                   text34       000000
__Htext4                    text4        000000
__Htext5                    text5        000000
__Htext6                    text6        000000
__Htext7                    text7        000000
__Htext8                    text8        000000
__Htext9                    text9        000000
__LRAM                      (abs)        000001
__L__absolute__             __absolute__ 000000
__Labs1                     abs1         000000
__Lbank0                    bank0        000000
__Lbank1                    bank1        000000
__Lbank10                   bank10       000000
__Lbank11                   bank11       000000
__Lbank12                   bank12       000000
__Lbank13                   bank13       000000
__Lbank14                   bank14       000000
__Lbank15                   bank15       000000
__Lbank16                   bank16       000000
__Lbank17                   bank17       000000
__Lbank18                   bank18       000000
__Lbank19                   bank19       000000
__Lbank2                    bank2        000000
__Lbank20                   bank20       000000
__Lbank21                   bank21       000000
__Lbank22                   bank22       000000
__Lbank23                   bank23       000000
__Lbank24                   bank24       000000
__Lbank25                   bank25       000000
__Lbank26                   bank26       000000
__Lbank27                   bank27       000000
__Lbank28                   bank28       000000
__Lbank29                   bank29       000000
__Lbank3                    bank3        000000
__Lbank30                   bank30       000000
__Lbank31                   bank31       000000
__Lbank4                    bank4        000000
__Lbank5                    bank5        000000
__Lbank6                    bank6        000000
__Lbank7                    bank7        000000
__Lbank8                    bank8        000000
__Lbank9                    bank9        000000
__Lbigbss                   bigbss       000000
__Lbigdata                  bigdata      000000
__Lbigram                   bigram       000000
__Lbigsfr                   bigsfr       000000
__Lbss                      bss          000000
__LbssBANK0                 bssBANK0     000000
__LbssCOMRAM                bssCOMRAM    000000
__Lcinit                    cinit        000000
__Lclrtext                  clrtext      000000
__Lcomram                   comram       000000
__Lconfig                   config       000000
__Lconst                    const        000000
__LcstackBANK0              cstackBANK0  000000
__LcstackCOMRAM             cstackCOMRAM 000000
__Ldata                     data         000000
__Leeprom_data              eeprom_data  000000
__Lfarbss                   farbss       000000
__Lfardata                  fardata      000000
__Lheap                     heap         000000
__Libigdata                 ibigdata     000000
__Lidata                    idata        000000
__Lidloc                    idloc        000000
__Lifardata                 ifardata     000000
__Linit                     init         0040AE
__Lintsave_regs             intsave_regs 000000
__Lirdata                   irdata       000000
__Livt0x4008                ivt0x4008    004008
__Lmediumconst              mediumconst  000000
__LnvFARRAM                 nvFARRAM     000000
__Lnvbit                    nvbit        000000
__Lnvrram                   nvrram       000000
__Lparam                    rparam       000000
__Lpowerup                  powerup      000000
__Lram                      ram          000000
__Lramtop                   ramtop       002000
__Lrbit                     rbit         000000
__Lrbss                     rbss         000000
__Lrdata                    rdata        000000
__Lreset_vec                reset_vec    000000
__Lrparam                   rparam       000000
__Lsfr                      sfr          000000
__Lsmallconst               smallconst   002000
__Lspace_0                  (abs)        000000
__Lspace_1                  (abs)        000000
__Lspace_2                  (abs)        000000
__Lspace_4                  (abs)        000000
__Lstack                    stack        000000
__Lstruct                   struct       000000
__Ltemp                     temp         000000
__Ltext                     text         000000
__Ltext0                    text0        000000
__Ltext1                    text1        000000
__Ltext10                   text10       000000
__Ltext11                   text11       000000
__Ltext12                   text12       000000
__Ltext13                   text13       000000
__Ltext14                   text14       000000
__Ltext15                   text15       000000
__Ltext16                   text16       000000
__Ltext17                   text17       000000
__Ltext18                   text18       000000
__Ltext19                   text19       000000
__Ltext2                    text2        000000
__Ltext20                   text20       000000
__Ltext21                   text21       000000
__Ltext22                   text22       000000
__Ltext23                   text23       000000
__Ltext24                   text24       000000
__Ltext25                   text25       000000
__Ltext26                   text26       000000
__Ltext27                   text27       000000
__Ltext28                   text28       000000
__Ltext29                   text29       000000
__Ltext3                    text3        000000
__Ltext30                   text30       000000
__Ltext31                   text31       000000
__Ltext32                   text32       000000
__Ltext33                   text33       000000
__Ltext34                   text34       000000
__Ltext4                    text4        000000
__Ltext5                    text5        000000
__Ltext6                    text6        000000
__Ltext7                    text7        000000
__Ltext8                    text8        000000
__Ltext9                    text9        000000
__S0                        (abs)        0052EE
__S1                        (abs)        0000C7
__S4                        (abs)        000000
__S5                        (abs)        000000
___awdiv                    text23       004776
___awdiv@counter            cstackCOMRAM 000005
___awdiv@dividend           cstackCOMRAM 000001
___awdiv@divisor            cstackCOMRAM 000003
___awdiv@quotient           cstackCOMRAM 000007
___awdiv@sign               cstackCOMRAM 000006
___awmod                    text22       00499C
___awmod@counter            cstackCOMRAM 000005
___awmod@dividend           cstackCOMRAM 000001
___awmod@divisor            cstackCOMRAM 000003
___awmod@sign               cstackCOMRAM 000006
___heap_hi                  (abs)        000000
___heap_lo                  (abs)        000000
___inthi_sp                 stack        000000
___inthi_stack_hi           stack        000000
___inthi_stack_lo           stack        000000
___intlo_sp                 stack        000000
___intlo_stack_hi           stack        000000
___intlo_stack_lo           stack        000000
___lldiv                    text33       004AF6
___lldiv@counter            cstackCOMRAM 000019
___lldiv@dividend           cstackCOMRAM 00000D
___lldiv@divisor            cstackCOMRAM 000011
___lldiv@quotient           cstackCOMRAM 000015
___lmul                     text32       004E8C
___lmul@multiplicand        cstackCOMRAM 000005
___lmul@multiplier          cstackCOMRAM 000001
___lmul@product             cstackCOMRAM 000009
___lwdiv                    text14       004DA8
___lwdiv@counter            cstackCOMRAM 000007
___lwdiv@dividend           cstackCOMRAM 000001
___lwdiv@divisor            cstackCOMRAM 000003
___lwdiv@quotient           cstackCOMRAM 000005
___lwmod                    text13       004F5E
___lwmod@counter            cstackCOMRAM 000005
___lwmod@dividend           cstackCOMRAM 000001
___lwmod@divisor            cstackCOMRAM 000003
___param_bank               (abs)        000000
___rparam_used              (abs)        000001
___sp                       stack        000000
___stack_hi                 stack        000000
___stack_lo                 stack        000000
__accesstop                 (abs)        000060
__activetblptr              (abs)        000003
__end_of_IOC_ISR            text34       0052D4
__end_of___awdiv            text23       004836
__end_of___awmod            text22       004A4A
__end_of___lldiv            text33       004B9A
__end_of___lmul             text32       004EF6
__end_of___lwdiv            text14       004E1A
__end_of___lwmod            text13       004FC2
__end_of__initialization    cinit        00523C
__end_of_abs                text21       0051EA
__end_of_adcInit            text24       004D30
__end_of_adcToMv            text31       005010
__end_of_dtoa               text16       0046A0
__end_of_formatNum          text8        004F5E
__end_of_fputc              text19       004AF6
__end_of_fputs              text18       005148
__end_of_gToMs2             text7        005052
__end_of_haltReset          text6        00499C
__end_of_iocInit            text5        0052B4
__end_of_lcdChar            text28       00526A
__end_of_lcdClear           text29       0052EC
__end_of_lcdCmd             text30       005292
__end_of_lcdInit            text4        004C30
__end_of_lcdText            text27       004E8C
__end_of_lcdTextAt          text26       0051B6
__end_of_main               text0        00434E
__end_of_mvToG              text3        0050D4
__end_of_pad                text17       004CB4
__end_of_putch              text20       0052EE
__end_of_readADC            text25       005180
__end_of_read_prec_or_width text15       0048EC
__end_of_sprintf            text9        00521A
__end_of_strcat             text2        004DA8
__end_of_strcpy             text1        00510E
__end_of_utoa               text12       004776
__end_of_vfpfcnvrt          text11       004544
__end_of_vfprintf           text10       005094
__initialization            cinit        00521A
__mediumconst               smallconst   002000
__pbssBANK0                 bssBANK0     0000A4
__pbssCOMRAM                bssCOMRAM    000057
__pcinit                    cinit        00521A
__pcstackBANK0              cstackBANK0  000060
__pcstackCOMRAM             cstackCOMRAM 000001
__pivt0x4008                ivt0x4008    004008
__psmallconst               smallconst   002000
__ptext0                    text0        0040B2
__ptext1                    text1        0050D4
__ptext10                   text10       005052
__ptext11                   text11       00434E
__ptext12                   text12       0046A0
__ptext13                   text13       004F5E
__ptext14                   text14       004DA8
__ptext15                   text15       004836
__ptext16                   text16       004544
__ptext17                   text17       004C30
__ptext18                   text18       00510E
__ptext19                   text19       004A4A
__ptext2                    text2        004D30
__ptext20                   text20       0052EC
__ptext21                   text21       0051B6
__ptext22                   text22       00499C
__ptext23                   text23       004776
__ptext24                   text24       004CB4
__ptext25                   text25       005148
__ptext26                   text26       005180
__ptext27                   text27       004E1A
__ptext28                   text28       005242
__ptext29                   text29       0052D4
__ptext3                    text3        005094
__ptext30                   text30       00526A
__ptext31                   text31       004FC2
__ptext32                   text32       004E8C
__ptext33                   text33       004AF6
__ptext34                   text34       0052B4
__ptext4                    text4        004B9A
__ptext5                    text5        005292
__ptext6                    text6        0048EC
__ptext7                    text7        005010
__ptext8                    text8        004EF6
__ptext9                    text9        0051EA
__ramtop                    ramtop       002000
__smallconst                smallconst   002000
_abs                        text21       0051B6
_adcInit                    text24       004CB4
_adcToMv                    text31       004FC2
_dbuf                       bssBANK0     0000A7
_dtoa                       text16       004544
_dtoa$1328                  cstackCOMRAM 000018
_flags                      bssCOMRAM    00005B
_formatNum                  text8        004EF6
_fputc                      text19       004A4A
_fputs                      text18       00510E
_gToMs2                     text7        005010
_haltReset                  text6        0048EC
_iocInit                    text5        005292
_lcdChar                    text28       005242
_lcdClear                   text29       0052D4
_lcdCmd                     text30       00526A
_lcdInit                    text4        004B9A
_lcdText                    text27       004E1A
_lcdTextAt                  text26       005180
_main                       text0        0040B2
_mvToG                      text3        005094
_pad                        text17       004C30
_prec                       bssCOMRAM    000059
_putch                      text20       0052EC
_readADC                    text25       005148
_read_prec_or_width         text15       004836
_sprintf                    text9        0051EA
_stopFlag                   bssBANK0     0000A6
_strcat                     text2        004D30
_strcpy                     text1        0050D4
_utoa                       text12       0046A0
_vfpfcnvrt                  text11       00434E
_vfprintf                   text10       005052
_width                      bssCOMRAM    000057
_xZero                      bssBANK0     0000A4
abs@a                       cstackCOMRAM 00000F
adcToMv@adc                 cstackCOMRAM 00001A
dtoa@d                      cstackCOMRAM 000016
dtoa@fp                     cstackCOMRAM 000015
dtoa@i                      cstackCOMRAM 00001E
dtoa@p                      cstackCOMRAM 00001A
dtoa@s                      cstackCOMRAM 00001D
dtoa@w                      cstackCOMRAM 00001B
end_of_initialization       cinit        00523C
formatNum@buffer            cstackCOMRAM 00003F
formatNum@decimal           cstackCOMRAM 000044
formatNum@value             cstackCOMRAM 000040
formatNum@whole             cstackCOMRAM 000042
fputc@c                     cstackCOMRAM 000001
fputc@fp                    cstackCOMRAM 000003
fputs@c                     cstackCOMRAM 00000B
fputs@fp                    cstackCOMRAM 00000A
fputs@i                     cstackCOMRAM 00000C
fputs@s                     cstackCOMRAM 000009
gToMs2@gVal                 cstackCOMRAM 000009
haltReset@i                 cstackCOMRAM 000051
haltReset@msg               cstackCOMRAM 000040
haltReset@sec               cstackCOMRAM 000052
intlevel0                   text         000000
intlevel1                   text         000000
intlevel2                   text         000000
intlevel3                   text         000000
isa$std                     (abs)        000001
isa$xinst                   (abs)        000000
ivt0x4008_base              ivt0x4008    004008
ivt0x4008_undefint          ivt0x4008    0040AC
lcdChar@dat                 cstackCOMRAM 000001
lcdCmd@cmd                  cstackCOMRAM 000001
lcdText@msg                 cstackCOMRAM 000002
lcdTextAt@location          cstackCOMRAM 000008
lcdTextAt@msg               cstackCOMRAM 000005
lcdTextAt@pos               cstackCOMRAM 000004
lcdTextAt@row               cstackCOMRAM 000007
main@botLine                cstackBANK0  000060
main@moveAmount             cstackBANK0  000094
main@number                 cstackBANK0  000071
main@oldX                   cstackBANK0  000096
main@oldY                   cstackBANK0  000098
main@oldZ                   cstackBANK0  00009A
main@topLine                cstackBANK0  00007B
main@xAdc                   cstackBANK0  00009C
main@xG                     cstackBANK0  0000A2
main@xMs2                   cstackBANK0  000092
main@xMv                    cstackBANK0  00008C
main@yAdc                   cstackBANK0  00009E
main@yMv                    cstackBANK0  00008E
main@zAdc                   cstackBANK0  0000A0
main@zMv                    cstackBANK0  000090
mvToG@diff                  cstackCOMRAM 00000D
mvToG@mv                    cstackCOMRAM 000009
pad@buf                     cstackCOMRAM 00000F
pad@fp                      cstackCOMRAM 00000E
pad@i                       cstackCOMRAM 000013
pad@p                       cstackCOMRAM 000010
readADC@channel             cstackCOMRAM 000007
readADC@result              cstackCOMRAM 000005
read_prec_or_width@ap       cstackCOMRAM 000002
read_prec_or_width@c        cstackCOMRAM 000005
read_prec_or_width@fmt      cstackCOMRAM 000001
read_prec_or_width@n        cstackCOMRAM 000006
sprintf@ap                  cstackCOMRAM 000033
sprintf@f                   cstackCOMRAM 000034
sprintf@fmt                 cstackCOMRAM 00002E
sprintf@s                   cstackCOMRAM 00002D
stackhi                     (abs)        000000
stacklo                     (abs)        000000
start                       init         0040AE
start_initialization        cinit        00521A
strcat@dest                 cstackCOMRAM 000001
strcat@i                    cstackCOMRAM 000004
strcat@src                  cstackCOMRAM 000002
strcpy@d                    cstackCOMRAM 000004
strcpy@dest                 cstackCOMRAM 000001
strcpy@src                  cstackCOMRAM 000002
utoa@d                      cstackCOMRAM 000016
utoa@fp                     cstackCOMRAM 000015
utoa@i                      cstackCOMRAM 00001B
utoa@p                      cstackCOMRAM 000018
utoa@w                      cstackCOMRAM 000019
vfpfcnvrt@ap                cstackCOMRAM 000022
vfpfcnvrt@convarg           cstackCOMRAM 000024
vfpfcnvrt@cp                cstackCOMRAM 000028
vfpfcnvrt@done              cstackCOMRAM 000023
vfpfcnvrt@fmt               cstackCOMRAM 000021
vfpfcnvrt@fp                cstackCOMRAM 000020
vfprintf@ap                 cstackCOMRAM 00002B
vfprintf@cfmt               cstackCOMRAM 00002C
vfprintf@fmt                cstackCOMRAM 00002A
vfprintf@fp                 cstackCOMRAM 000029


MODULE INFORMATION

Module		Function		Class		Link	Load	Size
C:\Program Files\Microchip\xc8\v3.10\pic\sources\c99\common\lwmod.c
		___lwmod       		CODE           	4F5E	0000	100

C:\Program Files\Microchip\xc8\v3.10\pic\sources\c99\common\lwmod.c estimated size: 100

C:\Program Files\Microchip\xc8\v3.10\pic\sources\c99\common\awmod.c
		___awmod       		CODE           	499C	0000	174

C:\Program Files\Microchip\xc8\v3.10\pic\sources\c99\common\awmod.c estimated size: 174

C:\Program Files\Microchip\xc8\v3.10\pic\sources\c99\common\putch.c
		_putch         		CODE           	52EC	0000	2

C:\Program Files\Microchip\xc8\v3.10\pic\sources\c99\common\putch.c estimated size: 2

C:\Program Files\Microchip\xc8\v3.10\pic\sources\c99\common\abs.c
		_abs           		CODE           	51B6	0000	52

C:\Program Files\Microchip\xc8\v3.10\pic\sources\c99\common\abs.c estimated size: 52

C:\Program Files\Microchip\xc8\v3.10\pic\sources\c99\common\Umul32.c
		___lmul        		CODE           	4E8C	0000	106

C:\Program Files\Microchip\xc8\v3.10\pic\sources\c99\common\Umul32.c estimated size: 106

C:\Program Files\Microchip\xc8\v3.10\pic\sources\c99\common\nf_fputs.c
		_fputs         		CODE           	510E	0000	58

C:\Program Files\Microchip\xc8\v3.10\pic\sources\c99\common\nf_fputs.c estimated size: 58

C:\Program Files\Microchip\xc8\v3.10\pic\sources\c99\common\lwdiv.c
		___lwdiv       		CODE           	4DA8	0000	114

C:\Program Files\Microchip\xc8\v3.10\pic\sources\c99\common\lwdiv.c estimated size: 114

C:\Program Files\Microchip\xc8\v3.10\pic\sources\c99\common\awdiv.c
		___awdiv       		CODE           	4776	0000	192

C:\Program Files\Microchip\xc8\v3.10\pic\sources\c99\common\awdiv.c estimated size: 192

C:\Program Files\Microchip\xc8\v3.10\pic\sources\c99\common\strcat.c
		_strcat        		CODE           	4D30	0000	120

C:\Program Files\Microchip\xc8\v3.10\pic\sources\c99\common\strcat.c estimated size: 120

C:\Program Files\Microchip\xc8\v3.10\pic\sources\c99\common\nf_sprintf.c
		_sprintf       		CODE           	51EA	0000	48

C:\Program Files\Microchip\xc8\v3.10\pic\sources\c99\common\nf_sprintf.c estimated size: 48

shared
		__initialization		CODE           	521A	0000	34

shared estimated size: 34

C:\Program Files\Microchip\xc8\v3.10\pic\sources\c99\common\strcpy.c
		_strcpy        		CODE           	50D4	0000	58

C:\Program Files\Microchip\xc8\v3.10\pic\sources\c99\common\strcpy.c estimated size: 58

C:\Program Files\Microchip\xc8\v3.10\pic\sources\c99\common\nf_fputc.c
		_fputc         		CODE           	4A4A	0000	172

C:\Program Files\Microchip\xc8\v3.10\pic\sources\c99\common\nf_fputc.c estimated size: 172

C:\Program Files\Microchip\xc8\v3.10\pic\sources\c99\common\__lldiv.c
		___lldiv       		CODE           	4AF6	0000	164

C:\Program Files\Microchip\xc8\v3.10\pic\sources\c99\common\__lldiv.c estimated size: 164

C:\Program Files\Microchip\xc8\v3.10\pic\sources\c99\common\doprnt.c
		_read_prec_or_width		CODE           	4836	0000	182
		_vfpfcnvrt     		CODE           	434E	0000	502
		_pad           		CODE           	4C30	0000	132
		_dtoa          		CODE           	4544	0000	348
		_vfprintf      		CODE           	5052	0000	66
		_utoa          		CODE           	46A0	0000	214

C:\Program Files\Microchip\xc8\v3.10\pic\sources\c99\common\doprnt.c estimated size: 1444

main.c
		_formatNum     		CODE           	4EF6	0000	104
		_lcdChar       		CODE           	5242	0000	40
		_IOC_ISR       		CODE           	52B4	0000	32
		_mvToG         		CODE           	5094	0000	64
		_main          		CODE           	40B2	0000	668
		_lcdText       		CODE           	4E1A	0000	114
		_lcdTextAt     		CODE           	5180	0000	54
		_gToMs2        		CODE           	5010	0000	66
		_lcdClear      		CODE           	52D4	0000	24
		_adcToMv       		CODE           	4FC2	0000	78
		_lcdCmd        		CODE           	526A	0000	40
		_adcInit       		CODE           	4CB4	0000	124
		_lcdInit       		CODE           	4B9A	0000	150
		_haltReset     		CODE           	48EC	0000	176
		_readADC       		CODE           	5148	0000	56
		_iocInit       		CODE           	5292	0000	34

main.c estimated size: 1824

